  Determining projects to restore...
  All projects are up-to-date for restore.
C:\Users\Hanco Sipsma\Desktop\Allan 2025\Ngula Analytics\src\NgulAnalytics.Api\Controllers\ShiftReportController.cs(92,28): warning CS8601: Possible null reference assignment. [C:\Users\Hanco Sipsma\Desktop\Allan 2025\Ngula Analytics\src\NgulAnalytics.Api\NgulAnalytics.Api.csproj]
C:\Users\Hanco Sipsma\Desktop\Allan 2025\Ngula Analytics\src\NgulAnalytics.Api\Controllers\ShiftReportController.cs(159,38): warning CS8601: Possible null reference assignment. [C:\Users\Hanco Sipsma\Desktop\Allan 2025\Ngula Analytics\src\NgulAnalytics.Api\NgulAnalytics.Api.csproj]
C:\Users\Hanco Sipsma\Desktop\Allan 2025\Ngula Analytics\src\NgulAnalytics.Api\Controllers\ShiftReportController.cs(160,45): warning CS8601: Possible null reference assignment. [C:\Users\Hanco Sipsma\Desktop\Allan 2025\Ngula Analytics\src\NgulAnalytics.Api\NgulAnalytics.Api.csproj]
C:\Users\Hanco Sipsma\Desktop\Allan 2025\Ngula Analytics\src\NgulAnalytics.Api\Services\HandoverService.cs(59,27): warning CS8601: Possible null reference assignment. [C:\Users\Hanco Sipsma\Desktop\Allan 2025\Ngula Analytics\src\NgulAnalytics.Api\NgulAnalytics.Api.csproj]
C:\Users\Hanco Sipsma\Desktop\Allan 2025\Ngula Analytics\src\NgulAnalytics.Api\Services\HandoverService.cs(60,31): warning CS8601: Possible null reference assignment. [C:\Users\Hanco Sipsma\Desktop\Allan 2025\Ngula Analytics\src\NgulAnalytics.Api\NgulAnalytics.Api.csproj]
C:\Users\Hanco Sipsma\Desktop\Allan 2025\Ngula Analytics\src\NgulAnalytics.Api\Services\HandoverService.cs(61,30): warning CS8601: Possible null reference assignment. [C:\Users\Hanco Sipsma\Desktop\Allan 2025\Ngula Analytics\src\NgulAnalytics.Api\NgulAnalytics.Api.csproj]
C:\Users\Hanco Sipsma\Desktop\Allan 2025\Ngula Analytics\src\NgulAnalytics.Api\Services\HandoverService.cs(62,34): warning CS8601: Possible null reference assignment. [C:\Users\Hanco Sipsma\Desktop\Allan 2025\Ngula Analytics\src\NgulAnalytics.Api\NgulAnalytics.Api.csproj]
C:\Users\Hanco Sipsma\Desktop\Allan 2025\Ngula Analytics\src\NgulAnalytics.Api\Services\HandoverService.cs(63,34): warning CS8601: Possible null reference assignment. [C:\Users\Hanco Sipsma\Desktop\Allan 2025\Ngula Analytics\src\NgulAnalytics.Api\NgulAnalytics.Api.csproj]
C:\Users\Hanco Sipsma\Desktop\Allan 2025\Ngula Analytics\src\NgulAnalytics.Api\Services\HandoverService.cs(64,28): warning CS8601: Possible null reference assignment. [C:\Users\Hanco Sipsma\Desktop\Allan 2025\Ngula Analytics\src\NgulAnalytics.Api\NgulAnalytics.Api.csproj]
C:\Users\Hanco Sipsma\Desktop\Allan 2025\Ngula Analytics\src\NgulAnalytics.Api\Services\HandoverService.cs(89,31): warning CS8601: Possible null reference assignment. [C:\Users\Hanco Sipsma\Desktop\Allan 2025\Ngula Analytics\src\NgulAnalytics.Api\NgulAnalytics.Api.csproj]
C:\Users\Hanco Sipsma\Desktop\Allan 2025\Ngula Analytics\src\NgulAnalytics.Api\Services\HandoverService.cs(90,35): warning CS8601: Possible null reference assignment. [C:\Users\Hanco Sipsma\Desktop\Allan 2025\Ngula Analytics\src\NgulAnalytics.Api\NgulAnalytics.Api.csproj]
C:\Users\Hanco Sipsma\Desktop\Allan 2025\Ngula Analytics\src\NgulAnalytics.Api\Services\HandoverService.cs(91,34): warning CS8601: Possible null reference assignment. [C:\Users\Hanco Sipsma\Desktop\Allan 2025\Ngula Analytics\src\NgulAnalytics.Api\NgulAnalytics.Api.csproj]
C:\Users\Hanco Sipsma\Desktop\Allan 2025\Ngula Analytics\src\NgulAnalytics.Api\Services\HandoverService.cs(92,38): warning CS8601: Possible null reference assignment. [C:\Users\Hanco Sipsma\Desktop\Allan 2025\Ngula Analytics\src\NgulAnalytics.Api\NgulAnalytics.Api.csproj]
C:\Users\Hanco Sipsma\Desktop\Allan 2025\Ngula Analytics\src\NgulAnalytics.Api\Services\HandoverService.cs(93,38): warning CS8601: Possible null reference assignment. [C:\Users\Hanco Sipsma\Desktop\Allan 2025\Ngula Analytics\src\NgulAnalytics.Api\NgulAnalytics.Api.csproj]
C:\Users\Hanco Sipsma\Desktop\Allan 2025\Ngula Analytics\src\NgulAnalytics.Api\Services\HandoverService.cs(94,32): warning CS8601: Possible null reference assignment. [C:\Users\Hanco Sipsma\Desktop\Allan 2025\Ngula Analytics\src\NgulAnalytics.Api\NgulAnalytics.Api.csproj]
C:\Users\Hanco Sipsma\Desktop\Allan 2025\Ngula Analytics\src\NgulAnalytics.Api\Seed\DataSeeder.cs(240,36): warning CS8601: Possible null reference assignment. [C:\Users\Hanco Sipsma\Desktop\Allan 2025\Ngula Analytics\src\NgulAnalytics.Api\NgulAnalytics.Api.csproj]
C:\Users\Hanco Sipsma\Desktop\Allan 2025\Ngula Analytics\src\NgulAnalytics.Api\Seed\DataSeeder.cs(288,46): warning CS8601: Possible null reference assignment. [C:\Users\Hanco Sipsma\Desktop\Allan 2025\Ngula Analytics\src\NgulAnalytics.Api\NgulAnalytics.Api.csproj]
C:\Users\Hanco Sipsma\Desktop\Allan 2025\Ngula Analytics\src\NgulAnalytics.Api\Seed\DataSeeder.cs(289,53): warning CS8601: Possible null reference assignment. [C:\Users\Hanco Sipsma\Desktop\Allan 2025\Ngula Analytics\src\NgulAnalytics.Api\NgulAnalytics.Api.csproj]
  NgulAnalytics.Api -> C:\Users\Hanco Sipsma\Desktop\Allan 2025\Ngula Analytics\src\NgulAnalytics.Api\bin\Debug\net9.0\NgulAnalytics.Api.dll

Build succeeded.

C:\Users\Hanco Sipsma\Desktop\Allan 2025\Ngula Analytics\src\NgulAnalytics.Api\Controllers\ShiftReportController.cs(92,28): warning CS8601: Possible null reference assignment. [C:\Users\Hanco Sipsma\Desktop\Allan 2025\Ngula Analytics\src\NgulAnalytics.Api\NgulAnalytics.Api.csproj]
C:\Users\Hanco Sipsma\Desktop\Allan 2025\Ngula Analytics\src\NgulAnalytics.Api\Controllers\ShiftReportController.cs(159,38): warning CS8601: Possible null reference assignment. [C:\Users\Hanco Sipsma\Desktop\Allan 2025\Ngula Analytics\src\NgulAnalytics.Api\NgulAnalytics.Api.csproj]
C:\Users\Hanco Sipsma\Desktop\Allan 2025\Ngula Analytics\src\NgulAnalytics.Api\Controllers\ShiftReportController.cs(160,45): warning CS8601: Possible null reference assignment. [C:\Users\Hanco Sipsma\Desktop\Allan 2025\Ngula Analytics\src\NgulAnalytics.Api\NgulAnalytics.Api.csproj]
C:\Users\Hanco Sipsma\Desktop\Allan 2025\Ngula Analytics\src\NgulAnalytics.Api\Services\HandoverService.cs(59,27): warning CS8601: Possible null reference assignment. [C:\Users\Hanco Sipsma\Desktop\Allan 2025\Ngula Analytics\src\NgulAnalytics.Api\NgulAnalytics.Api.csproj]
C:\Users\Hanco Sipsma\Desktop\Allan 2025\Ngula Analytics\src\NgulAnalytics.Api\Services\HandoverService.cs(60,31): warning CS8601: Possible null reference assignment. [C:\Users\Hanco Sipsma\Desktop\Allan 2025\Ngula Analytics\src\NgulAnalytics.Api\NgulAnalytics.Api.csproj]
C:\Users\Hanco Sipsma\Desktop\Allan 2025\Ngula Analytics\src\NgulAnalytics.Api\Services\HandoverService.cs(61,30): warning CS8601: Possible null reference assignment. [C:\Users\Hanco Sipsma\Desktop\Allan 2025\Ngula Analytics\src\NgulAnalytics.Api\NgulAnalytics.Api.csproj]
C:\Users\Hanco Sipsma\Desktop\Allan 2025\Ngula Analytics\src\NgulAnalytics.Api\Services\HandoverService.cs(62,34): warning CS8601: Possible null reference assignment. [C:\Users\Hanco Sipsma\Desktop\Allan 2025\Ngula Analytics\src\NgulAnalytics.Api\NgulAnalytics.Api.csproj]
C:\Users\Hanco Sipsma\Desktop\Allan 2025\Ngula Analytics\src\NgulAnalytics.Api\Services\HandoverService.cs(63,34): warning CS8601: Possible null reference assignment. [C:\Users\Hanco Sipsma\Desktop\Allan 2025\Ngula Analytics\src\NgulAnalytics.Api\NgulAnalytics.Api.csproj]
C:\Users\Hanco Sipsma\Desktop\Allan 2025\Ngula Analytics\src\NgulAnalytics.Api\Services\HandoverService.cs(64,28): warning CS8601: Possible null reference assignment. [C:\Users\Hanco Sipsma\Desktop\Allan 2025\Ngula Analytics\src\NgulAnalytics.Api\NgulAnalytics.Api.csproj]
C:\Users\Hanco Sipsma\Desktop\Allan 2025\Ngula Analytics\src\NgulAnalytics.Api\Services\HandoverService.cs(89,31): warning CS8601: Possible null reference assignment. [C:\Users\Hanco Sipsma\Desktop\Allan 2025\Ngula Analytics\src\NgulAnalytics.Api\NgulAnalytics.Api.csproj]
C:\Users\Hanco Sipsma\Desktop\Allan 2025\Ngula Analytics\src\NgulAnalytics.Api\Services\HandoverService.cs(90,35): warning CS8601: Possible null reference assignment. [C:\Users\Hanco Sipsma\Desktop\Allan 2025\Ngula Analytics\src\NgulAnalytics.Api\NgulAnalytics.Api.csproj]
C:\Users\Hanco Sipsma\Desktop\Allan 2025\Ngula Analytics\src\NgulAnalytics.Api\Services\HandoverService.cs(91,34): warning CS8601: Possible null reference assignment. [C:\Users\Hanco Sipsma\Desktop\Allan 2025\Ngula Analytics\src\NgulAnalytics.Api\NgulAnalytics.Api.csproj]
C:\Users\Hanco Sipsma\Desktop\Allan 2025\Ngula Analytics\src\NgulAnalytics.Api\Services\HandoverService.cs(92,38): warning CS8601: Possible null reference assignment. [C:\Users\Hanco Sipsma\Desktop\Allan 2025\Ngula Analytics\src\NgulAnalytics.Api\NgulAnalytics.Api.csproj]
C:\Users\Hanco Sipsma\Desktop\Allan 2025\Ngula Analytics\src\NgulAnalytics.Api\Services\HandoverService.cs(93,38): warning CS8601: Possible null reference assignment. [C:\Users\Hanco Sipsma\Desktop\Allan 2025\Ngula Analytics\src\NgulAnalytics.Api\NgulAnalytics.Api.csproj]
C:\Users\Hanco Sipsma\Desktop\Allan 2025\Ngula Analytics\src\NgulAnalytics.Api\Services\HandoverService.cs(94,32): warning CS8601: Possible null reference assignment. [C:\Users\Hanco Sipsma\Desktop\Allan 2025\Ngula Analytics\src\NgulAnalytics.Api\NgulAnalytics.Api.csproj]
C:\Users\Hanco Sipsma\Desktop\Allan 2025\Ngula Analytics\src\NgulAnalytics.Api\Seed\DataSeeder.cs(240,36): warning CS8601: Possible null reference assignment. [C:\Users\Hanco Sipsma\Desktop\Allan 2025\Ngula Analytics\src\NgulAnalytics.Api\NgulAnalytics.Api.csproj]
C:\Users\Hanco Sipsma\Desktop\Allan 2025\Ngula Analytics\src\NgulAnalytics.Api\Seed\DataSeeder.cs(288,46): warning CS8601: Possible null reference assignment. [C:\Users\Hanco Sipsma\Desktop\Allan 2025\Ngula Analytics\src\NgulAnalytics.Api\NgulAnalytics.Api.csproj]
C:\Users\Hanco Sipsma\Desktop\Allan 2025\Ngula Analytics\src\NgulAnalytics.Api\Seed\DataSeeder.cs(289,53): warning CS8601: Possible null reference assignment. [C:\Users\Hanco Sipsma\Desktop\Allan 2025\Ngula Analytics\src\NgulAnalytics.Api\NgulAnalytics.Api.csproj]
    18 Warning(s)
    0 Error(s)

Time Elapsed 00:00:05.50
